2025-03-23 10:37:00 | DEBUG | repo=course-sys-int-camel-seminar | action=commit
2025-07-10 20:18:00 | DEBUG | repo=course-sys-int-camel-seminar | action=commit
2025-01-03 19:32:00 | INFO | repo=course-sys-int-camel-seminar | action=commit
2025-12-09 14:51:00 | WARN | repo=course-sys-int-camel-seminar | action=commit
2025-11-15 07:43:00 | DEBUG | repo=course-sys-int-camel-seminar | action=commit
2025-03-28 08:14:00 | DEBUG | repo=course-sys-int-camel-seminar | action=commit
2025-12-13 08:40:00 | WARN | repo=course-sys-int-camel-seminar | action=commit
2025-03-14 15:50:00 | INFO | repo=course-sys-int-camel-seminar | action=commit
2025-11-05 17:51:00 | DEBUG | repo=course-sys-int-camel-seminar | action=commit
2025-12-27 18:39:00 | DEBUG | repo=course-sys-int-camel-seminar | action=commit
2025-10-12 09:37:00 | INFO | repo=course-sys-int-camel-seminar | action=commit
2025-04-01 15:02:00 | WARN | repo=course-sys-int-camel-seminar | action=commit
2025-08-02 21:50:00 | INFO | repo=course-sys-int-camel-seminar | action=commit
2025-05-12 14:56:00 | DEBUG | repo=course-sys-int-camel-seminar | action=pull
2025-10-22 16:59:00 | WARN | repo=course-sys-int-camel-seminar | action=edit | files=1
2025-03-04 08:45:00 | DEBUG | repo=course-sys-int-camel-seminar | action=commit
2025-03-17 15:01:00 | DEBUG | repo=course-sys-int-camel-seminar | action=commit
2025-03-02 08:23:00 | WARN | repo=course-sys-int-camel-seminar | action=commit
2025-02-23 19:23:00 | WARN | repo=course-sys-int-camel-seminar | action=commit
2025-12-22 15:49:00 | DEBUG | repo=course-sys-int-camel-seminar | action=pull
2025-01-22 19:23:00 | DEBUG | repo=course-sys-int-camel-seminar | action=commit
2025-06-14 07:18:00 | INFO | repo=course-sys-int-camel-seminar | action=commit
2025-09-25 18:49:00 | INFO | repo=course-sys-int-camel-seminar | action=edit | files=1
2025-07-07 09:33:00 | WARN | repo=course-sys-int-camel-seminar | action=commit
2025-03-07 18:36:00 | WARN | repo=course-sys-int-camel-seminar | action=commit
